// Jest Snapshot v1, https://goo.gl/fbAQLP

exports[`<AuthGuard  /> should match snapshot 1`] = `<div />`;
