// Jest Snapshot v1, https://goo.gl/fbAQLP

exports[`<App /> should render and match the snapshot 1`] = `
<BrowserRouter>
  <Helmet
    defaultTitle="AltMall"
    defer={true}
    encodeSpecialCharacters={true}
    htmlAttributes={
      Object {
        "lang": undefined,
      }
    }
    titleTemplate="%s - AltMall"
  >
    <meta
      content="An AltMall application"
      name="description"
    />
  </Helmet>
  <Memo>
    <main>
      <Switch>
        <Memo />
        <Route
          component={[Function]}
          path="*"
        />
      </Switch>
    </main>
  </Memo>
  <Memo(GlobalStyleComponent) />
</BrowserRouter>
`;
